Archive member included to satisfy reference by file (symbol)

C:/ST/STM32CubeIDE_1.16.1/STM32CubeIDE/plugins/com.st.stm32cube.ide.mcu.externaltools.gnu-tools-for-stm32.12.3.rel1.win32_1.0.200.202406191623/tools/bin/../lib/gcc/arm-none-eabi/12.3.1/../../../../arm-none-eabi/lib/thumb/v7e-m/nofp\libc_nano.a(libc_a-exit.o)
                              C:/ST/STM32CubeIDE_1.16.1/STM32CubeIDE/plugins/com.st.stm32cube.ide.mcu.externaltools.gnu-tools-for-stm32.12.3.rel1.win32_1.0.200.202406191623/tools/bin/../lib/gcc/arm-none-eabi/12.3.1/../../../../arm-none-eabi/lib/thumb/v7e-m/nofp/crt0.o (exit)
C:/ST/STM32CubeIDE_1.16.1/STM32CubeIDE/plugins/com.st.stm32cube.ide.mcu.externaltools.gnu-tools-for-stm32.12.3.rel1.win32_1.0.200.202406191623/tools/bin/../lib/gcc/arm-none-eabi/12.3.1/../../../../arm-none-eabi/lib/thumb/v7e-m/nofp\libc_nano.a(libc_a-findfp.o)
                              C:/ST/STM32CubeIDE_1.16.1/STM32CubeIDE/plugins/com.st.stm32cube.ide.mcu.externaltools.gnu-tools-for-stm32.12.3.rel1.win32_1.0.200.202406191623/tools/bin/../lib/gcc/arm-none-eabi/12.3.1/../../../../arm-none-eabi/lib/thumb/v7e-m/nofp\libc_nano.a(libc_a-exit.o) (__stdio_exit_handler)
C:/ST/STM32CubeIDE_1.16.1/STM32CubeIDE/plugins/com.st.stm32cube.ide.mcu.externaltools.gnu-tools-for-stm32.12.3.rel1.win32_1.0.200.202406191623/tools/bin/../lib/gcc/arm-none-eabi/12.3.1/../../../../arm-none-eabi/lib/thumb/v7e-m/nofp\libc_nano.a(libc_a-fwalk.o)
                              C:/ST/STM32CubeIDE_1.16.1/STM32CubeIDE/plugins/com.st.stm32cube.ide.mcu.externaltools.gnu-tools-for-stm32.12.3.rel1.win32_1.0.200.202406191623/tools/bin/../lib/gcc/arm-none-eabi/12.3.1/../../../../arm-none-eabi/lib/thumb/v7e-m/nofp\libc_nano.a(libc_a-findfp.o) (_fwalk_sglue)
C:/ST/STM32CubeIDE_1.16.1/STM32CubeIDE/plugins/com.st.stm32cube.ide.mcu.externaltools.gnu-tools-for-stm32.12.3.rel1.win32_1.0.200.202406191623/tools/bin/../lib/gcc/arm-none-eabi/12.3.1/../../../../arm-none-eabi/lib/thumb/v7e-m/nofp\libc_nano.a(libc_a-stdio.o)
                              C:/ST/STM32CubeIDE_1.16.1/STM32CubeIDE/plugins/com.st.stm32cube.ide.mcu.externaltools.gnu-tools-for-stm32.12.3.rel1.win32_1.0.200.202406191623/tools/bin/../lib/gcc/arm-none-eabi/12.3.1/../../../../arm-none-eabi/lib/thumb/v7e-m/nofp\libc_nano.a(libc_a-findfp.o) (__sread)
C:/ST/STM32CubeIDE_1.16.1/STM32CubeIDE/plugins/com.st.stm32cube.ide.mcu.externaltools.gnu-tools-for-stm32.12.3.rel1.win32_1.0.200.202406191623/tools/bin/../lib/gcc/arm-none-eabi/12.3.1/../../../../arm-none-eabi/lib/thumb/v7e-m/nofp\libc_nano.a(libc_a-memset.o)
                              C:/ST/STM32CubeIDE_1.16.1/STM32CubeIDE/plugins/com.st.stm32cube.ide.mcu.externaltools.gnu-tools-for-stm32.12.3.rel1.win32_1.0.200.202406191623/tools/bin/../lib/gcc/arm-none-eabi/12.3.1/../../../../arm-none-eabi/lib/thumb/v7e-m/nofp/crt0.o (memset)
C:/ST/STM32CubeIDE_1.16.1/STM32CubeIDE/plugins/com.st.stm32cube.ide.mcu.externaltools.gnu-tools-for-stm32.12.3.rel1.win32_1.0.200.202406191623/tools/bin/../lib/gcc/arm-none-eabi/12.3.1/../../../../arm-none-eabi/lib/thumb/v7e-m/nofp\libc_nano.a(libc_a-closer.o)
                              C:/ST/STM32CubeIDE_1.16.1/STM32CubeIDE/plugins/com.st.stm32cube.ide.mcu.externaltools.gnu-tools-for-stm32.12.3.rel1.win32_1.0.200.202406191623/tools/bin/../lib/gcc/arm-none-eabi/12.3.1/../../../../arm-none-eabi/lib/thumb/v7e-m/nofp\libc_nano.a(libc_a-stdio.o) (_close_r)
C:/ST/STM32CubeIDE_1.16.1/STM32CubeIDE/plugins/com.st.stm32cube.ide.mcu.externaltools.gnu-tools-for-stm32.12.3.rel1.win32_1.0.200.202406191623/tools/bin/../lib/gcc/arm-none-eabi/12.3.1/../../../../arm-none-eabi/lib/thumb/v7e-m/nofp\libc_nano.a(libc_a-reent.o)
                              C:/ST/STM32CubeIDE_1.16.1/STM32CubeIDE/plugins/com.st.stm32cube.ide.mcu.externaltools.gnu-tools-for-stm32.12.3.rel1.win32_1.0.200.202406191623/tools/bin/../lib/gcc/arm-none-eabi/12.3.1/../../../../arm-none-eabi/lib/thumb/v7e-m/nofp\libc_nano.a(libc_a-closer.o) (errno)
C:/ST/STM32CubeIDE_1.16.1/STM32CubeIDE/plugins/com.st.stm32cube.ide.mcu.externaltools.gnu-tools-for-stm32.12.3.rel1.win32_1.0.200.202406191623/tools/bin/../lib/gcc/arm-none-eabi/12.3.1/../../../../arm-none-eabi/lib/thumb/v7e-m/nofp\libc_nano.a(libc_a-impure.o)
                              C:/ST/STM32CubeIDE_1.16.1/STM32CubeIDE/plugins/com.st.stm32cube.ide.mcu.externaltools.gnu-tools-for-stm32.12.3.rel1.win32_1.0.200.202406191623/tools/bin/../lib/gcc/arm-none-eabi/12.3.1/../../../../arm-none-eabi/lib/thumb/v7e-m/nofp\libc_nano.a(libc_a-reent.o) (_impure_ptr)
C:/ST/STM32CubeIDE_1.16.1/STM32CubeIDE/plugins/com.st.stm32cube.ide.mcu.externaltools.gnu-tools-for-stm32.12.3.rel1.win32_1.0.200.202406191623/tools/bin/../lib/gcc/arm-none-eabi/12.3.1/../../../../arm-none-eabi/lib/thumb/v7e-m/nofp\libc_nano.a(libc_a-lseekr.o)
[...]
Memory Configuration

Name             Origin             Length             Attributes
RAM              0x20000000         0x00020000         xrw
FLASH            0x08000000         0x00080000         xr
*default*        0x00000000         0xffffffff

Linker script and memory map

LOAD C:/ST/STM32CubeIDE_1.16.1/STM32CubeIDE/plugins/com.st.stm32cube.ide.mcu.externaltools.gnu-tools-for-stm32.12.3.rel1.win32_1.0.200.202406191623/tools/bin/../lib/gcc/arm-none-eabi/12.3.1/thumb/v7e-m/nofp/crti.o
LOAD C:/ST/STM32CubeIDE_1.16.1/STM32CubeIDE/plugins/com.st.stm32cube.ide.mcu.externaltools.gnu-tools-for-stm32.12.3.rel1.win32_1.0.200.202406191623/tools/bin/../lib/gcc/arm-none-eabi/12.3.1/thumb/v7e-m/nofp/crtbegin.o
LOAD C:/ST/STM32CubeIDE_1.16.1/STM32CubeIDE/plugins/com.st.stm32cube.ide.mcu.externaltools.gnu-tools-for-stm32.12.3.rel1.win32_1.0.200.202406191623/tools/bin/../lib/gcc/arm-none-eabi/12.3.1/../../../../arm-none-eabi/lib/thumb/v7e-m/nofp/crt0.o
LOAD ./Src/DMA_Prog.o
LOAD ./Src/GPIO_prog.o
LOAD ./Src/NVIC_prog.o
LOAD ./Src/RCC_Driver.o
LOAD ./Src/SysTick_prog.o
LOAD ./Src/USART_Prog.o
LOAD ./Src/main.o
LOAD ./Src/syscalls.o
LOAD ./Src/sysmem.o
LOAD ./Startup/startup_stm32f446retx.o
START GROUP
LOAD C:/ST/STM32CubeIDE_1.16.1/STM32CubeIDE/plugins/com.st.stm32cube.ide.mcu.externaltools.gnu-tools-for-stm32.12.3.rel1.win32_1.0.200.202406191623/tools/bin/../lib/gcc/arm-none-eabi/12.3.1/../../../../arm-none-eabi/lib/thumb/v7e-m/nofp\libc_nano.a
LOAD C:/ST/STM32CubeIDE_1.16.1/STM32CubeIDE/plugins/com.st.stm32cube.ide.mcu.externaltools.gnu-tools-for-stm32.12.3.rel1.win32_1.0.200.202406191623/tools/bin/../lib/gcc/arm-none-eabi/12.3.1/../../../../arm-none-eabi/lib/thumb/v7e-m/nofp\libm.a
END GROUP
START GROUP
LOAD C:/ST/STM32CubeIDE_1.16.1/STM32CubeIDE/plugins/com.st.stm32cube.ide.mcu.externaltools.gnu-tools-for-stm32.12.3.rel1.win32_1.0.200.202406191623/tools/bin/../lib/gcc/arm-none-eabi/12.3.1/thumb/v7e-m/nofp\libgcc.a
LOAD C:/ST/STM32CubeIDE_1.16.1/STM32CubeIDE/plugins/com.st.stm32cube.ide.mcu.externaltools.gnu-tools-for-stm32.12.3.rel1.win32_1.0.200.202406191623/tools/bin/../lib/gcc/arm-none-eabi/12.3.1/../../../../arm-none-eabi/lib/thumb/v7e-m/nofp\libc_nano.a
END GROUP
START GROUP
LOAD C:/ST/STM32CubeIDE_1.16.1/STM32CubeIDE/plugins/com.st.stm32cube.ide.mcu.externaltools.gnu-tools-for-stm32.12.3.rel1.win32_1.0.200.202406191623/tools/bin/../lib/gcc/arm-none-eabi/12.3.1/thumb/v7e-m/nofp\libgcc.a
LOAD C:/ST/STM32CubeIDE_1.16.1/STM32CubeIDE/plugins/com.st.stm32cube.ide.mcu.externaltools.gnu-tools-for-stm32.12.3.rel1.win32_1.0.200.202406191623/tools/bin/../lib/gcc/arm-none-eabi/12.3.1/../../../../arm-none-eabi/lib/thumb/v7e-m/nofp\libc_nano.a
LOAD C:/ST/STM32CubeIDE_1.16.1/STM32CubeIDE/plugins/com.st.stm32cube.ide.mcu.externaltools.gnu-tools-for-stm32.12.3.rel1.win32_1.0.200.202406191623/tools/bin/../lib/gcc/arm-none-eabi/12.3.1/../../../../arm-none-eabi/lib/thumb/v7e-m/nofp\libnosys.a
END GROUP
START GROUP
LOAD C:/ST/STM32CubeIDE_1.16.1/STM32CubeIDE/plugins/com.st.stm32cube.ide.mcu.externaltools.gnu-tools-for-stm32.12.3.rel1.win32_1.0.200.202406191623/tools/bin/../lib/gcc/arm-none-eabi/12.3.1/thumb/v7e-m/nofp\libgcc.a
LOAD C:/ST/STM32CubeIDE_1.16.1/STM32CubeIDE/plugins/com.st.stm32cube.ide.mcu.externaltools.gnu-tools-for-stm32.12.3.rel1.win32_1.0.200.202406191623/tools/bin/../lib/gcc/arm-none-eabi/12.3.1/../../../../arm-none-eabi/lib/thumb/v7e-m/nofp\libc_nano.a
LOAD C:/ST/STM32CubeIDE_1.16.1/STM32CubeIDE/plugins/com.st.stm32cube.ide.mcu.externaltools.gnu-tools-for-stm32.12.3.rel1.win32_1.0.200.202406191623/tools/bin/../lib/gcc/arm-none-eabi/12.3.1/../../../../arm-none-eabi/lib/thumb/v7e-m/nofp\libnosys.a
END GROUP
LOAD C:/ST/STM32CubeIDE_1.16.1/STM32CubeIDE/plugins/com.st.stm32cube.ide.mcu.externaltools.gnu-tools-for-stm32.12.3.rel1.win32_1.0.200.202406191623/tools/bin/../lib/gcc/arm-none-eabi/12.3.1/thumb/v7e-m/nofp/crtend.o
LOAD C:/ST/STM32CubeIDE_1.16.1/STM32CubeIDE/plugins/com.st.stm32cube.ide.mcu.externaltools.gnu-tools-for-stm32.12.3.rel1.win32_1.0.200.202406191623/tools/bin/../lib/gcc/arm-none-eabi/12.3.1/thumb/v7e-m/nofp/crtn.o
                0x20020000                        _estack = (ORIGIN (RAM) + LENGTH (RAM))
                0x00000200                        _Min_Heap_Size = 0x200
                0x00000400                        _Min_Stack_Size = 0x400

.isr_vector     0x08000000      0x1c4
                0x08000000                        . = ALIGN (0x4)
 *(.isr_vector)
 .isr_vector    0x08000000      0x1c4 ./Startup/startup_stm32f446retx.o
                0x08000000                g_pfnVectors
                0x080001c4                        . = ALIGN (0x4)

.text           0x080001c4      0xa94
                0x080001c4                        . = ALIGN (0x4)
 *(.text)
 .text          0x080001c4       0x40 C:/ST/STM32CubeIDE_1.16.1/STM32CubeIDE/plugins/com.st.stm32cube.ide.mcu.externaltools.gnu-tools-for-stm32.12.3.rel1.win32_1.0.200.202406191623/tools/bin/../lib/gcc/arm-none-eabi/12.3.1/thumb/v7e-m/nofp/crtbegin.o
 *(.text*)
 .text.GPIO_u8pininit
                0x08000204      0x28c ./Src/GPIO_prog.o
                0x08000204                GPIO_u8pininit
 .text.GPIO_u8setpinvalue
                0x08000490       0x90 ./Src/GPIO_prog.o
                0x08000490                GPIO_u8setpinvalue
 .text.ENABLE_interrupt
                0x08000520       0x48 ./Src/NVIC_prog.o
                0x08000520                ENABLE_interrupt
 .text.RCC_SETCLK
                0x08000568      0x10c ./Src/RCC_Driver.o
                0x08000568                RCC_SETCLK
 .text.RCC_SETSYSCLK
                0x08000674       0x58 ./Src/RCC_Driver.o
                0x08000674                RCC_SETSYSCLK
 .text.SystemCoreClockUpdate
                0x080006cc       0xac ./Src/RCC_Driver.o
                0x080006cc                SystemCoreClockUpdate
 .text.RCC_AHB1_enable
                0x08000778       0x2c ./Src/RCC_Driver.o
                0x08000778                RCC_AHB1_enable
 .text.RCC_APB1_enable
                0x080007a4       0x2c ./Src/RCC_Driver.o
                0x080007a4                RCC_APB1_enable
 .text.SysTick_Init
                0x080007d0       0x70 ./Src/SysTick_prog.o
                0x080007d0                SysTick_Init
 .text.SysTick_Handler
                0x08000840       0x1c ./Src/SysTick_prog.o
                0x08000840                SysTick_Handler
 .text.USART_ConfigMode
                0x0800085c       0x60 ./Src/USART_Prog.o
                0x0800085c                USART_ConfigMode
 .text.USART_Init
                0x080008bc       0xb4 ./Src/USART_Prog.o
                0x080008bc                USART_Init
 .text.USART_SendChar
                0x08000970       0x3a ./Src/USART_Prog.o
                0x08000970                USART_SendChar
 .text.USART_SendString
                0x080009aa       0x30 ./Src/USART_Prog.o
                0x080009aa                USART_SendString
 *fill*         0x080009da        0x2 
 .text.USART1_IRQHandler
                0x080009dc       0x44 ./Src/USART_Prog.o
                0x080009dc                USART1_IRQHandler
 .text.main     0x08000a20       0xfc ./Src/main.o
                0x08000a20                main
 .text.USART2_IRQHandler
                0x08000b1c       0x6c ./Src/main.o
                0x08000b1c                USART2_IRQHandler
 .text.Reset_Handler
                0x08000b88       0x50 ./Startup/startup_stm32f446retx.o
                0x08000b88                Reset_Handler
 .text.Default_Handler
                0x08000bd8        0x2 ./Startup/startup_stm32f446retx.o
                0x08000bd8                RTC_Alarm_IRQHandler
                0x08000bd8                EXTI2_IRQHandler
                0x08000bd8                TIM8_CC_IRQHandler
                0x08000bd8                SPDIF_Rx_IRQHandler
                0x08000bd8                DebugMon_Handler
                0x08000bd8                SPI4_IRQHandler
                0x08000bd8                TIM1_CC_IRQHandler
                0x08000bd8                QuadSPI_IRQHandler
                0x08000bd8                DMA2_Stream5_IRQHandler
                0x08000bd8                HardFault_Handler
                0x08000bd8                DMA1_Stream5_IRQHandler
                0x08000bd8                PVD_IRQHandler
                0x08000bd8                SDIO_IRQHandler
                0x08000bd8                TAMP_STAMP_IRQHandler
                0x08000bd8                PendSV_Handler
                0x08000bd8                NMI_Handler
                0x08000bd8                CAN2_RX1_IRQHandler
                0x08000bd8                EXTI3_IRQHandler
                0x08000bd8                TIM8_TRG_COM_TIM14_IRQHandler
                0x08000bd8                TIM1_UP_TIM10_IRQHandler
                0x08000bd8                FMPI2C1_error_IRQHandler
                0x08000bd8                TIM8_UP_TIM13_IRQHandler
                0x08000bd8                I2C3_ER_IRQHandler
                0x08000bd8                EXTI0_IRQHandler
                0x08000bd8                I2C2_EV_IRQHandler
                0x08000bd8                DMA1_Stream2_IRQHandler
                0x08000bd8                CAN1_RX0_IRQHandler
                0x08000bd8                OTG_HS_WKUP_IRQHandler
                0x08000bd8                UsageFault_Handler
                0x08000bd8                CAN2_SCE_IRQHandler
                0x08000bd8                DMA2_Stream2_IRQHandler
                0x08000bd8                SPI1_IRQHandler
                0x08000bd8                TIM6_DAC_IRQHandler
                0x08000bd8                TIM1_BRK_TIM9_IRQHandler
                0x08000bd8                DCMI_IRQHandler
                0x08000bd8                CAN2_RX0_IRQHandler
                0x08000bd8                DMA2_Stream3_IRQHandler
                0x08000bd8                FMPI2C1_IRQHandler
                0x08000bd8                SAI2_IRQHandler
                0x08000bd8                USART6_IRQHandler
                0x08000bd8                USART3_IRQHandler
                0x08000bd8                CAN1_RX1_IRQHandler
                0x08000bd8                UART5_IRQHandler
                0x08000bd8                DMA2_Stream0_IRQHandler
                0x08000bd8                TIM4_IRQHandler
                0x08000bd8                I2C1_EV_IRQHandler
                0x08000bd8                HDMI_CEC_IRQHandler
                0x08000bd8                DMA1_Stream6_IRQHandler
                0x08000bd8                DMA1_Stream1_IRQHandler
                0x08000bd8                UART4_IRQHandler
                0x08000bd8                TIM3_IRQHandler
                0x08000bd8                RCC_IRQHandler
                0x08000bd8                TIM8_BRK_TIM12_IRQHandler
                0x08000bd8                Default_Handler
                0x08000bd8                EXTI15_10_IRQHandler
                0x08000bd8                ADC_IRQHandler
                0x08000bd8                DMA1_Stream7_IRQHandler
                0x08000bd8                TIM7_IRQHandler
                0x08000bd8                CAN2_TX_IRQHandler
                0x08000bd8                TIM5_IRQHandler
                0x08000bd8                DMA2_Stream7_IRQHandler
                0x08000bd8                I2C3_EV_IRQHandler
                0x08000bd8                EXTI9_5_IRQHandler
                0x08000bd8                RTC_WKUP_IRQHandler
                0x08000bd8                SPI2_IRQHandler
                0x08000bd8                OTG_HS_EP1_IN_IRQHandler
                0x08000bd8                MemManage_Handler
                0x08000bd8                DMA1_Stream0_IRQHandler
                0x08000bd8                CAN1_TX_IRQHandler
                0x08000bd8                SVC_Handler
                0x08000bd8                EXTI4_IRQHandler
                0x08000bd8                OTG_HS_EP1_OUT_IRQHandler
                0x08000bd8                WWDG_IRQHandler
                0x08000bd8                TIM2_IRQHandler
                0x08000bd8                OTG_FS_WKUP_IRQHandler
                0x08000bd8                TIM1_TRG_COM_TIM11_IRQHandler
                0x08000bd8                OTG_HS_IRQHandler
                0x08000bd8                EXTI1_IRQHandler
                0x08000bd8                I2C2_ER_IRQHandler
                0x08000bd8                DMA2_Stream1_IRQHandler
                0x08000bd8                CAN1_SCE_IRQHandler
                0x08000bd8                FLASH_IRQHandler
                0x08000bd8                DMA2_Stream4_IRQHandler
                0x08000bd8                BusFault_Handler
                0x08000bd8                OTG_FS_IRQHandler
                0x08000bd8                SPI3_IRQHandler
                0x08000bd8                DMA1_Stream4_IRQHandler
                0x08000bd8                I2C1_ER_IRQHandler
                0x08000bd8                FMC_IRQHandler
                0x08000bd8                DMA2_Stream6_IRQHandler
                0x08000bd8                SAI1_IRQHandler
                0x08000bd8                DMA1_Stream3_IRQHandler
 *fill*         0x08000bda        0x2 
 .text.__libc_init_array
                0x08000bdc       0x48 C:/ST/STM32CubeIDE_1.16.1/STM32CubeIDE/plugins/com.st.stm32cube.ide.mcu.externaltools.gnu-tools-for-stm32.12.3.rel1.win32_1.0.200.202406191623/tools/bin/../lib/gcc/arm-none-eabi/12.3.1/../../../../arm-none-eabi/lib/thumb/v7e-m/nofp\libc_nano.a(libc_a-init.o)
                0x08000bdc                __libc_init_array
 .text.memcpy   0x08000c24       0x1c C:/ST/STM32CubeIDE_1.16.1/STM32CubeIDE/plugins/com.st.stm32cube.ide.mcu.externaltools.gnu-tools-for-stm32.12.3.rel1.win32_1.0.200.202406191623/tools/bin/../lib/gcc/arm-none-eabi/12.3.1/../../../../arm-none-eabi/lib/thumb/v7e-m/nofp\libc_nano.a(libc_a-memcpy-stub.o)
                0x08000c24                memcpy
 *(.glue_7)
 .glue_7        0x08000c40        0x0 linker stubs
 *(.glue_7t)
 .glue_7t       0x08000c40        0x0 linker stubs
 *(.eh_frame)
 .eh_frame      0x08000c40        0x0 C:/ST/STM32CubeIDE_1.16.1/STM32CubeIDE/plugins/com.st.stm32cube.ide.mcu.externaltools.gnu-tools-for-stm32.12.3.rel1.win32_1.0.200.202406191623/tools/bin/../lib/gcc/arm-none-eabi/12.3.1/thumb/v7e-m/nofp/crtbegin.o
 *(.init)
 .init          0x08000c40        0x4 C:/ST/STM32CubeIDE_1.16.1/STM32CubeIDE/plugins/com.st.stm32cube.ide.mcu.externaltools.gnu-tools-for-stm32.12.3.rel1.win32_1.0.200.202406191623/tools/bin/../lib/gcc/arm-none-eabi/12.3.1/thumb/v7e-m/nofp/crti.o
                0x08000c40                _init
 .init          0x08000c44        0x8 C:/ST/STM32CubeIDE_1.16.1/STM32CubeIDE/plugins/com.st.stm32cube.ide.mcu.externaltools.gnu-tools-for-stm32.12.3.rel1.win32_1.0.200.202406191623/tools/bin/../lib/gcc/arm-none-eabi/12.3.1/thumb/v7e-m/nofp/crtn.o
 *(.fini)
 .fini          0x08000c4c        0x4 C:/ST/STM32CubeIDE_1.16.1/STM32CubeIDE/plugins/com.st.stm32cube.ide.mcu.externaltools.gnu-tools-for-stm32.12.3.rel1.win32_1.0.200.202406191623/tools/bin/../lib/gcc/arm-none-eabi/12.3.1/thumb/v7e-m/nofp/crti.o
                0x08000c4c                _fini
 .fini          0x08000c50        0x8 C:/ST/STM32CubeIDE_1.16.1/STM32CubeIDE/plugins/com.st.stm32cube.ide.mcu.externaltools.gnu-tools-for-stm32.12.3.rel1.win32_1.0.200.202406191623/tools/bin/../lib/gcc/arm-none-eabi/12.3.1/thumb/v7e-m/nofp/crtn.o
                0x08000c58                        . = ALIGN (0x4)
                0x08000c58                        _etext = .

.vfp11_veneer   0x08000c58        0x0
 .vfp11_veneer  0x08000c58        0x0 linker stubs

.v4_bx          0x08000c58        0x0
 .v4_bx         0x08000c58        0x0 linker stubs

.iplt           0x08000c58        0x0
 .iplt          0x08000c58        0x0 C:/ST/STM32CubeIDE_1.16.1/STM32CubeIDE/plugins/com.st.stm32cube.ide.mcu.externaltools.gnu-tools-for-stm32.12.3.rel1.win32_1.0.200.202406191623/tools/bin/../lib/gcc/arm-none-eabi/12.3.1/thumb/v7e-m/nofp/crtbegin.o

.rodata         0x08000c58       0x98
                0x08000c58                        . = ALIGN (0x4)
 *(.rodata)
 .rodata        0x08000c58       0x96 ./Src/main.o
 *(.rodata*)
                0x08000cf0                        . = ALIGN (0x4)
 *fill*         0x08000cee        0x2 

.ARM.extab      0x08000cf0        0x0
                0x08000cf0                        . = ALIGN (0x4)
 *(.ARM.extab* .gnu.linkonce.armextab.*)
                0x08000cf0                        . = ALIGN (0x4)

.ARM            0x08000cf0        0x0
                0x08000cf0                        . = ALIGN (0x4)
                0x08000cf0                        __exidx_start = .
 *(.ARM.exidx*)
                0x08000cf0                        __exidx_end = .
                0x08000cf0                        . = ALIGN (0x4)

.preinit_array  0x08000cf0        0x0
                0x08000cf0                        . = ALIGN (0x4)
                0x08000cf0                        PROVIDE (__preinit_array_start = .)
 *(.preinit_array*)
                0x08000cf0                        PROVIDE (__preinit_array_end = .)
                0x08000cf0                        . = ALIGN (0x4)

.init_array     0x08000cf0        0x4
                0x08000cf0                        . = ALIGN (0x4)
                0x08000cf0                        PROVIDE (__init_array_start = .)
 *(SORT_BY_NAME(.init_array.*))
 *(.init_array*)
 .init_array    0x08000cf0        0x4 C:/ST/STM32CubeIDE_1.16.1/STM32CubeIDE/plugins/com.st.stm32cube.ide.mcu.externaltools.gnu-tools-for-stm32.12.3.rel1.win32_1.0.200.202406191623/tools/bin/../lib/gcc/arm-none-eabi/12.3.1/thumb/v7e-m/nofp/crtbegin.o
                0x08000cf4                        PROVIDE (__init_array_end = .)
                0x08000cf4                        . = ALIGN (0x4)

.fini_array     0x08000cf4        0x4
                0x08000cf4                        . = ALIGN (0x4)
                [!provide]                        PROVIDE (__fini_array_start = .)
 *(SORT_BY_NAME(.fini_array.*))
 *(.fini_array*)
 .fini_array    0x08000cf4        0x4 C:/ST/STM32CubeIDE_1.16.1/STM32CubeIDE/plugins/com.st.stm32cube.ide.mcu.externaltools.gnu-tools-for-stm32.12.3.rel1.win32_1.0.200.202406191623/tools/bin/../lib/gcc/arm-none-eabi/12.3.1/thumb/v7e-m/nofp/crtbegin.o
                [!provide]                        PROVIDE (__fini_array_end = .)
                0x08000cf8                        . = ALIGN (0x4)
                0x08000cf8                        _sidata = LOADADDR (.data)

.rel.dyn        0x08000cf8        0x0
 .rel.iplt      0x08000cf8        0x0 C:/ST/STM32CubeIDE_1.16.1/STM32CubeIDE/plugins/com.st.stm32cube.ide.mcu.externaltools.gnu-tools-for-stm32.12.3.rel1.win32_1.0.200.202406191623/tools/bin/../lib/gcc/arm-none-eabi/12.3.1/thumb/v7e-m/nofp/crtbegin.o

.data           0x20000000       0x28 load address 0x08000cf8
                0x20000000                        . = ALIGN (0x4)
                0x20000000                        _sdata = .
 *(.data)
 *(.data*)
 .data.GPIOPORT
                0x20000000       0x20 ./Src/GPIO_prog.o
 .data.SystemCoreClock
                0x20000020        0x4 ./Src/RCC_Driver.o
                0x20000020                SystemCoreClock
 .data.timeout  0x20000024        0x4 ./Src/RCC_Driver.o
                0x20000024                timeout
 *(.RamFunc)
 *(.RamFunc*)
                0x20000028                        . = ALIGN (0x4)
                0x20000028                        _edata = .

.igot.plt       0x20000028        0x0 load address 0x08000d20
 .igot.plt      0x20000028        0x0 C:/ST/STM32CubeIDE_1.16.1/STM32CubeIDE/plugins/com.st.stm32cube.ide.mcu.externaltools.gnu-tools-for-stm32.12.3.rel1.win32_1.0.200.202406191623/tools/bin/../lib/gcc/arm-none-eabi/12.3.1/thumb/v7e-m/nofp/crtbegin.o
                0x20000028                        . = ALIGN (0x4)

.bss            0x20000028       0x20 load address 0x08000d20
                0x20000028                        _sbss = .
                0x20000028                        __bss_start__ = _sbss
 *(.bss)
 .bss           0x20000028       0x1c C:/ST/STM32CubeIDE_1.16.1/STM32CubeIDE/plugins/com.st.stm32cube.ide.mcu.externaltools.gnu-tools-for-stm32.12.3.rel1.win32_1.0.200.202406191623/tools/bin/../lib/gcc/arm-none-eabi/12.3.1/thumb/v7e-m/nofp/crtbegin.o
 *(.bss*)
 .bss.tick_count
                0x20000044        0x4 ./Src/SysTick_prog.o
                0x20000044                tick_count
 *(COMMON)
                0x20000048                        . = ALIGN (0x4)
                0x20000048                        _ebss = .
                0x20000048                        __bss_end__ = _ebss

._user_heap_stack
                0x20000048      0x600 load address 0x08000d20
                0x20000048                        . = ALIGN (0x8)
                [!provide]                        PROVIDE (end = .)
                0x20000048                        PROVIDE (_end = .)
                0x20000248                        . = (. + _Min_Heap_Size)
 *fill*         0x20000048      0x200 
                0x20000648                        . = (. + _Min_Stack_Size)
 *fill*         0x20000248      0x400 
                0x20000648                        . = ALIGN (0x8)

/DISCARD/
 libc.a(*)
 libm.a(*)
 libgcc.a(*)

.ARM.attributes
                0x00000000       0x2a
 *(.ARM.attributes)
 .ARM.attributes
                0x00000000       0x1e C:/ST/STM32CubeIDE_1.16.1/STM32CubeIDE/plugins/com.st.stm32cube.ide.mcu.externaltools.gnu-tools-for-stm32.12.3.rel1.win32_1.0.200.202406191623/tools/bin/../lib/gcc/arm-none-eabi/12.3.1/thumb/v7e-m/nofp/crti.o
 .ARM.attributes
                0x0000001e       0x2e C:/ST/STM32CubeIDE_1.16.1/STM32CubeIDE/plugins/com.st.stm32cube.ide.mcu.externaltools.gnu-tools-for-stm32.12.3.rel1.win32_1.0.200.202406191623/tools/bin/../lib/gcc/arm-none-eabi/12.3.1/thumb/v7e-m/nofp/crtbegin.o
 .ARM.attributes
                0x0000004c       0x2e ./Src/GPIO_prog.o
 .ARM.attributes
                0x0000007a       0x2e ./Src/NVIC_prog.o
 .ARM.attributes
                0x000000a8       0x2e ./Src/RCC_Driver.o
 .ARM.attributes
                0x000000d6       0x2e ./Src/SysTick_prog.o
 .ARM.attributes
                0x00000104       0x2e ./Src/USART_Prog.o
 .ARM.attributes
                0x00000132       0x2e ./Src/main.o
 .ARM.attributes
                0x00000160       0x21 ./Startup/startup_stm32f446retx.o
 .ARM.attributes
                0x00000181       0x2e C:/ST/STM32CubeIDE_1.16.1/STM32CubeIDE/plugins/com.st.stm32cube.ide.mcu.externaltools.gnu-tools-for-stm32.12.3.rel1.win32_1.0.200.202406191623/tools/bin/../lib/gcc/arm-none-eabi/12.3.1/../../../../arm-none-eabi/lib/thumb/v7e-m/nofp\libc_nano.a(libc_a-init.o)
 .ARM.attributes
                0x000001af       0x2e C:/ST/STM32CubeIDE_1.16.1/STM32CubeIDE/plugins/com.st.stm32cube.ide.mcu.externaltools.gnu-tools-for-stm32.12.3.rel1.win32_1.0.200.202406191623/tools/bin/../lib/gcc/arm-none-eabi/12.3.1/../../../../arm-none-eabi/lib/thumb/v7e-m/nofp\libc_nano.a(libc_a-memcpy-stub.o)
 .ARM.attributes
                0x000001dd       0x1e C:/ST/STM32CubeIDE_1.16.1/STM32CubeIDE/plugins/com.st.stm32cube.ide.mcu.externaltools.gnu-tools-for-stm32.12.3.rel1.win32_1.0.200.202406191623/tools/bin/../lib/gcc/arm-none-eabi/12.3.1/thumb/v7e-m/nofp/crtn.o
OUTPUT(USART_TX_RX.elf elf32-littlearm)
LOAD linker stubs
LOAD C:/ST/STM32CubeIDE_1.16.1/STM32CubeIDE/plugins/com.st.stm32cube.ide.mcu.externaltools.gnu-tools-for-stm32.12.3.rel1.win32_1.0.200.202406191623/tools/bin/../lib/gcc/arm-none-eabi/12.3.1/../../../../arm-none-eabi/lib/thumb/v7e-m/nofp\libc.a
LOAD C:/ST/STM32CubeIDE_1.16.1/STM32CubeIDE/plugins/com.st.stm32cube.ide.mcu.externaltools.gnu-tools-for-stm32.12.3.rel1.win32_1.0.200.202406191623/tools/bin/../lib/gcc/arm-none-eabi/12.3.1/../../../../arm-none-eabi/lib/thumb/v7e-m/nofp\libm.a
LOAD C:/ST/STM32CubeIDE_1.16.1/STM32CubeIDE/plugins/com.st.stm32cube.ide.mcu.externaltools.gnu-tools-for-stm32.12.3.rel1.win32_1.0.200.202406191623/tools/bin/../lib/gcc/arm-none-eabi/12.3.1/thumb/v7e-m/nofp\libgcc.a

.debug_info     0x00000000     0x1f5b
 .debug_info    0x00000000      0x530 ./Src/GPIO_prog.o
 .debug_info    0x00000530      0x419 ./Src/NVIC_prog.o
 .debug_info    0x00000949      0x74e ./Src/RCC_Driver.o
 .debug_info    0x00001097      0x1a8 ./Src/SysTick_prog.o
 .debug_info    0x0000123f      0x427 ./Src/USART_Prog.o
 .debug_info    0x00001666      0x8c5 ./Src/main.o
 .debug_info    0x00001f2b       0x30 ./Startup/startup_stm32f446retx.o

.debug_abbrev   0x00000000      0x821
 .debug_abbrev  0x00000000      0x10d ./Src/GPIO_prog.o
 .debug_abbrev  0x0000010d      0x13f ./Src/NVIC_prog.o
 .debug_abbrev  0x0000024c      0x1ad ./Src/RCC_Driver.o
 .debug_abbrev  0x000003f9      0x140 ./Src/SysTick_prog.o
 .debug_abbrev  0x00000539      0x15c ./Src/USART_Prog.o
 .debug_abbrev  0x00000695      0x168 ./Src/main.o
 .debug_abbrev  0x000007fd       0x24 ./Startup/startup_stm32f446retx.o

.debug_aranges  0x00000000      0x240
 .debug_aranges
                0x00000000       0x38 ./Src/GPIO_prog.o
 .debug_aranges
                0x00000038       0x50 ./Src/NVIC_prog.o
 .debug_aranges
                0x00000088       0xd8 ./Src/RCC_Driver.o
 .debug_aranges
                0x00000160       0x30 ./Src/SysTick_prog.o
 .debug_aranges
                0x00000190       0x60 ./Src/USART_Prog.o
 .debug_aranges
                0x000001f0       0x28 ./Src/main.o
 .debug_aranges
                0x00000218       0x28 ./Startup/startup_stm32f446retx.o

.debug_rnglists
                0x00000000      0x1a3
 .debug_rnglists
                0x00000000       0x27 ./Src/GPIO_prog.o
 .debug_rnglists
                0x00000027       0x37 ./Src/NVIC_prog.o
 .debug_rnglists
                0x0000005e       0xa3 ./Src/RCC_Driver.o
 .debug_rnglists
                0x00000101       0x1f ./Src/SysTick_prog.o
 .debug_rnglists
                0x00000120       0x44 ./Src/USART_Prog.o
 .debug_rnglists
                0x00000164       0x26 ./Src/main.o
 .debug_rnglists
                0x0000018a       0x19 ./Startup/startup_stm32f446retx.o

.debug_macro    0x00000000     0x112c
 .debug_macro   0x00000000       0x95 ./Src/GPIO_prog.o
 .debug_macro   0x00000095      0x189 ./Src/GPIO_prog.o
 .debug_macro   0x0000021e       0x4c ./Src/GPIO_prog.o
 .debug_macro   0x0000026a       0x87 ./Src/NVIC_prog.o
 .debug_macro   0x000002f1       0x34 ./Src/NVIC_prog.o
 .debug_macro   0x00000325       0x84 ./Src/RCC_Driver.o
 .debug_macro   0x000003a9      0x176 ./Src/RCC_Driver.o
 .debug_macro   0x0000051f       0x7f ./Src/SysTick_prog.o
 .debug_macro   0x0000059e      0x17c ./Src/SysTick_prog.o
 .debug_macro   0x0000071a       0x7e ./Src/USART_Prog.o
 .debug_macro   0x00000798       0x26 ./Src/USART_Prog.o
 .debug_macro   0x000007be      0x18e ./Src/main.o
 .debug_macro   0x0000094c       0x61 ./Src/main.o
 .debug_macro   0x000009ad       0x24 ./Src/main.o
 .debug_macro   0x000009d1       0x43 ./Src/main.o
 .debug_macro   0x00000a14       0x34 ./Src/main.o
 .debug_macro   0x00000a48       0x16 ./Src/main.o
 .debug_macro   0x00000a5e       0x43 ./Src/main.o
 .debug_macro   0x00000aa1       0x34 ./Src/main.o
 .debug_macro   0x00000ad5       0x10 ./Src/main.o
 .debug_macro   0x00000ae5       0x58 ./Src/main.o
 .debug_macro   0x00000b3d       0x8e ./Src/main.o
 .debug_macro   0x00000bcb       0x1c ./Src/main.o
 .debug_macro   0x00000be7      0x177 ./Src/main.o
 .debug_macro   0x00000d5e      0x369 ./Src/main.o
 .debug_macro   0x000010c7       0x10 ./Src/main.o
 .debug_macro   0x000010d7       0x35 ./Src/main.o
 .debug_macro   0x0000110c       0x20 ./Src/main.o

.debug_line     0x00000000     0x2910
 .debug_line    0x00000000      0x6e7 ./Src/GPIO_prog.o
 .debug_line    0x000006e7      0x57f ./Src/NVIC_prog.o
 .debug_line    0x00000c66      0xad7 ./Src/RCC_Driver.o
 .debug_line    0x0000173d      0x4bf ./Src/SysTick_prog.o
 .debug_line    0x00001bfc      0x5ff ./Src/USART_Prog.o
 .debug_line    0x000021fb      0x69a ./Src/main.o
 .debug_line    0x00002895       0x7b ./Startup/startup_stm32f446retx.o

.debug_str      0x00000000     0x9638
 .debug_str     0x00000000     0x487f ./Src/GPIO_prog.o
                               0x4a70 (size before relaxing)
 .debug_str     0x0000487f      0x1f2 ./Src/NVIC_prog.o
                               0x4900 (size before relaxing)
 .debug_str     0x00004a71      0x9b0 ./Src/RCC_Driver.o
                               0x4dd0 (size before relaxing)
 .debug_str     0x00005421       0xd8 ./Src/SysTick_prog.o
                               0x4a17 (size before relaxing)
 .debug_str     0x000054f9      0x22c ./Src/USART_Prog.o
                               0x4651 (size before relaxing)
 .debug_str     0x00005725     0x3ed4 ./Src/main.o
                               0x8ff7 (size before relaxing)
 .debug_str     0x000095f9       0x3f ./Startup/startup_stm32f446retx.o
                                 0x85 (size before relaxing)

.comment        0x00000000       0x43
 .comment       0x00000000       0x43 ./Src/GPIO_prog.o
                                 0x44 (size before relaxing)
 .comment       0x00000043       0x44 ./Src/NVIC_prog.o
 .comment       0x00000043       0x44 ./Src/RCC_Driver.o
 .comment       0x00000043       0x44 ./Src/SysTick_prog.o
 .comment       0x00000043       0x44 ./Src/USART_Prog.o
 .comment       0x00000043       0x44 ./Src/main.o

.debug_frame    0x00000000      0x840
 .debug_frame   0x00000000       0xb0 ./Src/GPIO_prog.o
 .debug_frame   0x000000b0      0x128 ./Src/NVIC_prog.o
 .debug_frame   0x000001d8      0x3c8 ./Src/RCC_Driver.o
 .debug_frame   0x000005a0       0x80 ./Src/SysTick_prog.o
 .debug_frame   0x00000620      0x174 ./Src/USART_Prog.o
 .debug_frame   0x00000794       0x58 ./Src/main.o
 .debug_frame   0x000007ec       0x2c C:/ST/STM32CubeIDE_1.16.1/STM32CubeIDE/plugins/com.st.stm32cube.ide.mcu.externaltools.gnu-tools-for-stm32.12.3.rel1.win32_1.0.200.202406191623/tools/bin/../lib/gcc/arm-none-eabi/12.3.1/../../../../arm-none-eabi/lib/thumb/v7e-m/nofp\libc_nano.a(libc_a-init.o)
 .debug_frame   0x00000818       0x28 C:/ST/STM32CubeIDE_1.16.1/STM32CubeIDE/plugins/com.st.stm32cube.ide.mcu.externaltools.gnu-tools-for-stm32.12.3.rel1.win32_1.0.200.202406191623/tools/bin/../lib/gcc/arm-none-eabi/12.3.1/../../../../arm-none-eabi/lib/thumb/v7e-m/nofp\libc_nano.a(libc_a-memcpy-stub.o)

.debug_line_str
                0x00000000       0x69
 .debug_line_str
                0x00000000       0x69 ./Startup/startup_stm32f446retx.o
